src/components/dashboard/TimeTableGraph.tsx(2,71): error TS6133: 'startOfDay' is declared but its value is never read.
